// Jest Snapshot v1, https://goo.gl/fbAQLP

exports[`generateChoices should match the snapshot 1`] = `
<div
  className="btnContainer"
>
  <button
    className="choice-btn-1"
    key="0"
    onClick={[Function]}
  >
    Yes
  </button>
  <button
    className="choice-btn-2"
    key="1"
    onClick={[Function]}
  >
    No
  </button>
</div>
`;
